// Jest Snapshot v1, https://goo.gl/fbAQLP

exports[`Layout should render correct 1`] = `
<div
  className="sc-bcXHqe"
/>
`;

exports[`Layout should render correct with props 1`] = `
<div
  className="sc-bcXHqe lbcHjn"
  cursor="pointer"
  display="flex"
  overflow="scroll"
/>
`;
