// Jest Snapshot v1, https://goo.gl/fbAQLP

exports[`Row should render correct 1`] = `
<div
  className="sc-bcXHqe sc-gswNZR dpNPGM cnJYyj"
/>
`;
